---
source: crates/tui/tests/views.rs
expression: draw(&app)
---
" SYMPHONY arete-mobile · Proveedores                                                            "
"┌ Configurar proveedores ──────────────────────────────────────────────────────────────────────┐"
"│  PROVEEDOR    ESTADO           VERSIÓN      MODELOS                                          │"
"│  Claude       READY            2.1.0              4                                          │"
"│▸ Codex        LOGIN_REQUIRED   0.40.0             0                                          │"
"│                                                                                              │"
"│Codex está instalado pero sin sesión. Inicia sesión con su CLI oficial y pulsa r; o d para    │"
"│saltarlo.                                                                                     │"
"│Ruta: /usr/bin/codex                                                                          │"
"│                                                                                              │"
"│No hace falta configurar todos: puedes empezar con uno y agregar otros después.               │"
"│                                                                                              │"
"│                                                                                              │"
"│                                                                                              │"
"│                                                                                              │"
"│                                                                                              │"
"│                                                                                              │"
"│                                                                                              │"
"│                                                                                              │"
"│                                                                                              │"
"│                                                                                              │"
"│                                                                                              │"
"│                                                                                              │"
"│                                                                                              │"
"│                                                                                              │"
"│                                                                                              │"
"└──────────────────────────────────────────────────────────────────────────────────────────────┘"
" ↑↓ elegir · r reintentar · d activar/desactivar · Enter continuar                              "
