---
source: crates/tui/tests/views.rs
expression: draw(&app)
---
" SYMPHONY arete-mobile · Nuevo agente                                                           "
"┌ Nuevo agente ────────────────────────────────────────────────────────────────────────────────┐"
"│  Tarea         Fix refresh token rotation and add regression tests                           │"
"│                                                                                              │"
"│▸ Ejecución     (•) Modelo exacto: Enter para elegir   ( ) Decidir después                    │"
"│                  Profiles (@code, @fast…) llegan en v0.5.                                    │"
"│  Failover      (•) Cualquier proveedor  ( ) Solo el mismo  ( ) Desactivado                   │"
"│  Prioridad     (•) Normal  ( ) Alta  ( ) Baja                                                │"
"│                                                                                              │"
"│                [ Crear agente ]                                                              │"
"│                                                                                              │"
"│                                                                                              │"
"│                                                                                              │"
"│                                                                                              │"
"│                                                                                              │"
"│                                                                                              │"
"│                                                                                              │"
"│                                                                                              │"
"│                                                                                              │"
"│                                                                                              │"
"│                                                                                              │"
"│                                                                                              │"
"│                                                                                              │"
"│                                                                                              │"
"│                                                                                              │"
"│                                                                                              │"
"└──────────────────────────────────────────────────────────────────────────────────────────────┘"
" ↑↓ campo · ←→ opción · Enter siguiente/crear · Esc cancelar                                    "
