---
source: crates/tui/tests/views.rs
expression: draw(&app)
---
" SYMPHONY arete-mobile · Proveedores                                                            "
"┌ Proveedores ─────────────────────────────────────────────────────────────────────────────────┐"
"│  PROVEEDOR    ESTADO           VERSIÓN      MODELOS                                          │"
"│▸ Claude       READY            2.1.0              4                                          │"
"│  Codex        LOGIN_REQUIRED   0.40.0             0                                          │"
"│                                                                                              │"
"│Claude está listo para usarse.                                                                │"
"│Ruta: /usr/bin/claude                                                                         │"
"│                                                                                              │"
"│                                                                                              │"
"│                                                                                              │"
"│                                                                                              │"
"│                                                                                              │"
"│                                                                                              │"
"│                                                                                              │"
"│                                                                                              │"
"│                                                                                              │"
"│                                                                                              │"
"│                                                                                              │"
"│                                                                                              │"
"│                                                                                              │"
"│                                                                                              │"
"│                                                                                              │"
"│                                                                                              │"
"│                                                                                              │"
"│                                                                                              │"
"└──────────────────────────────────────────────────────────────────────────────────────────────┘"
" ↑↓ elegir · r volver a detectar · d activar/desactivar · Esc volver                            "
