---
source: crates/tui/tests/views.rs
expression: draw(&app)
---
" SYMPHONY arete-mobile · Elegir ejecución                                                       "
"┌ Elegir ejecución ────────────────────────────────────────────────────────────────────────────┐"
"│PROFILES                                                                                      │"
"│  @code @debug @fast @reasoning @docs @conserve — llegan en v0.5                              │"
"│                                                                                              │"
"│MODELOS EXACTOS                                                                               │"
"│  Claude       / Claude Opus          DISPONIBLE                                              │"
"│▸ Claude       / Claude Sonnet        DISPONIBLE                                              │"
"│  Codex        / GPT-5                LOGIN_REQUIRED                                          │"
"│                                                                                              │"
"│                                                                                              │"
"│                                                                                              │"
"│                                                                                              │"
"│                                                                                              │"
"│                                                                                              │"
"│                                                                                              │"
"│                                                                                              │"
"│                                                                                              │"
"│                                                                                              │"
"│                                                                                              │"
"│                                                                                              │"
"│                                                                                              │"
"│                                                                                              │"
"│                                                                                              │"
"│                                                                                              │"
"│                                                                                              │"
"└──────────────────────────────────────────────────────────────────────────────────────────────┘"
" ↑↓ elegir · Enter usar · Esc volver                                                            "
